
liboptimal.o:     file format elf32-littlearm

SYMBOL TABLE:
00000000 l    df *ABS*	00000000 liboptimal.c
00000000 l    d  .text	00000000 .text
00000000 l    d  .data	00000000 .data
00000000 l    d  .bss	00000000 .bss
00000000 l    d  .text.Local_FindNearest	00000000 .text.Local_FindNearest
00000000 l     F .text.Local_FindNearest	000000d4 Local_FindNearest
00000000 l    d  .text.Local_GetCellXY	00000000 .text.Local_GetCellXY
00000000 l    d  .text.OPATH_StartScanningRoutine	00000000 .text.OPATH_StartScanningRoutine
00000000 l    d  .text.OPATH_GetObjectsCount	00000000 .text.OPATH_GetObjectsCount
00000000 l    d  .text.OPATH_GetObjectRegions	00000000 .text.OPATH_GetObjectRegions
00000000 l    d  .text.OPATH_GetObjectPosition	00000000 .text.OPATH_GetObjectPosition
00000000 l    d  .text.OPATH_GetRectsTotal	00000000 .text.OPATH_GetRectsTotal
00000000 l    d  .text.OPATH_GetRegionRect	00000000 .text.OPATH_GetRegionRect
00000000 l    d  .text.OPATH_GetRegionCell	00000000 .text.OPATH_GetRegionCell
00000000 l    d  .bss.tmpdat	00000000 .bss.tmpdat
00000000 l     O .bss.tmpdat	00000020 tmpdat
00000000 l    d  .bss.GlobalFigCount	00000000 .bss.GlobalFigCount
00000000 l     O .bss.GlobalFigCount	00000004 GlobalFigCount
00000000 l    d  .bss.memlinesl	00000000 .bss.memlinesl
00000000 l     O .bss.memlinesl	00000004 memlinesl
00000000 l    d  .bss.sectors_original	00000000 .bss.sectors_original
00000000 l     O .bss.sectors_original	00001000 sectors_original
00000000 l    d  .bss.sFigures	00000000 .bss.sFigures
00000000 l     O .bss.sFigures	00000200 sFigures
00000000 l    d  .bss.sectors_figtmp	00000000 .bss.sectors_figtmp
00000000 l     O .bss.sectors_figtmp	00001000 sectors_figtmp
00000000 l    d  .bss.props	00000000 .bss.props
00000000 l     O .bss.props	00000018 props
00000000 l    d  .bss.memlines	00000000 .bss.memlines
00000000 l     O .bss.memlines	00002000 memlines
00000000 l    d  .comment	00000000 .comment
00000000 l    d  .ARM.attributes	00000000 .ARM.attributes
00000000 g     F .text.Local_GetCellXY	00000024 Local_GetCellXY
00000000 g     F .text.OPATH_StartScanningRoutine	0000038c OPATH_StartScanningRoutine
00000000         *UND*	00000000 EXTERNAL_GetImageSize
00000000         *UND*	00000000 memset
00000000         *UND*	00000000 EXTERNAL_GetPixels
00000000         *UND*	00000000 OPATH_Internal_Sort
00000000 g     F .text.OPATH_GetObjectsCount	0000000c OPATH_GetObjectsCount
00000000 g     F .text.OPATH_GetObjectRegions	0000000c OPATH_GetObjectRegions
00000000 g     F .text.OPATH_GetObjectPosition	00000044 OPATH_GetObjectPosition
00000000 g     F .text.OPATH_GetRectsTotal	0000000c OPATH_GetRectsTotal
00000000 g     F .text.OPATH_GetRegionRect	0000005c OPATH_GetRegionRect
00000000 g     F .text.OPATH_GetRegionCell	0000001c OPATH_GetRegionCell



Disassembly of section .text.Local_FindNearest:

00000000 <Local_FindNearest>:
   0:	e92d 47f0 	stmdb	sp!, {r4, r5, r6, r7, r8, r9, sl, lr}
   4:	4d31      	ldr	r5, [pc, #196]	; (cc <Local_FindNearest+0xcc>)
   6:	886b      	ldrh	r3, [r5, #2]
   8:	fb90 f2f3 	sdiv	r2, r0, r3
   c:	b088      	sub	sp, #32
   e:	1ac7      	subs	r7, r0, r3
  10:	18c6      	adds	r6, r0, r3
  12:	fb03 0412 	mls	r4, r3, r2, r0
  16:	f100 3eff 	add.w	lr, r0, #4294967295	; 0xffffffff
  1a:	f107 3aff 	add.w	sl, r7, #4294967295	; 0xffffffff
  1e:	f107 0901 	add.w	r9, r7, #1
  22:	f106 38ff 	add.w	r8, r6, #4294967295	; 0xffffffff
  26:	f106 0c01 	add.w	ip, r6, #1
  2a:	3001      	adds	r0, #1
  2c:	b2a4      	uxth	r4, r4
  2e:	b292      	uxth	r2, r2
  30:	9707      	str	r7, [sp, #28]
  32:	f8cd a000 	str.w	sl, [sp]
  36:	f8cd 9018 	str.w	r9, [sp, #24]
  3a:	9603      	str	r6, [sp, #12]
  3c:	f8cd 8008 	str.w	r8, [sp, #8]
  40:	f8cd c010 	str.w	ip, [sp, #16]
  44:	f8cd e004 	str.w	lr, [sp, #4]
  48:	9005      	str	r0, [sp, #20]
  4a:	b924      	cbnz	r4, 56 <Local_FindNearest+0x56>
  4c:	f04f 30ff 	mov.w	r0, #4294967295	; 0xffffffff
  50:	9000      	str	r0, [sp, #0]
  52:	9001      	str	r0, [sp, #4]
  54:	9002      	str	r0, [sp, #8]
  56:	3b01      	subs	r3, #1
  58:	429c      	cmp	r4, r3
  5a:	d026      	beq.n	aa <Local_FindNearest+0xaa>
  5c:	b922      	cbnz	r2, 68 <Local_FindNearest+0x68>
  5e:	f04f 33ff 	mov.w	r3, #4294967295	; 0xffffffff
  62:	9300      	str	r3, [sp, #0]
  64:	9306      	str	r3, [sp, #24]
  66:	9307      	str	r3, [sp, #28]
  68:	88ab      	ldrh	r3, [r5, #4]
  6a:	3b01      	subs	r3, #1
  6c:	429a      	cmp	r2, r3
  6e:	d022      	beq.n	b6 <Local_FindNearest+0xb6>
  70:	88ef      	ldrh	r7, [r5, #6]
  72:	f8df e05c 	ldr.w	lr, [pc, #92]	; d0 <Local_FindNearest+0xd0>
  76:	f1ad 0004 	sub.w	r0, sp, #4
  7a:	ac07      	add	r4, sp, #28
  7c:	2680      	movs	r6, #128	; 0x80
  7e:	f850 2f04 	ldr.w	r2, [r0, #4]!
  82:	2a00      	cmp	r2, #0
  84:	db0b      	blt.n	9e <Local_FindNearest+0x9e>
  86:	b293      	uxth	r3, r2
  88:	08dd      	lsrs	r5, r3, #3
  8a:	42ba      	cmp	r2, r7
  8c:	f003 0307 	and.w	r3, r3, #7
  90:	fa46 f303 	asr.w	r3, r6, r3
  94:	da03      	bge.n	9e <Local_FindNearest+0x9e>
  96:	f81e 5005 	ldrb.w	r5, [lr, r5]
  9a:	421d      	tst	r5, r3
  9c:	d111      	bne.n	c2 <Local_FindNearest+0xc2>
  9e:	42a0      	cmp	r0, r4
  a0:	d1ed      	bne.n	7e <Local_FindNearest+0x7e>
  a2:	2000      	movs	r0, #0
  a4:	b008      	add	sp, #32
  a6:	e8bd 87f0 	ldmia.w	sp!, {r4, r5, r6, r7, r8, r9, sl, pc}
  aa:	f04f 33ff 	mov.w	r3, #4294967295	; 0xffffffff
  ae:	9304      	str	r3, [sp, #16]
  b0:	9305      	str	r3, [sp, #20]
  b2:	9306      	str	r3, [sp, #24]
  b4:	e7d2      	b.n	5c <Local_FindNearest+0x5c>
  b6:	f04f 33ff 	mov.w	r3, #4294967295	; 0xffffffff
  ba:	9302      	str	r3, [sp, #8]
  bc:	9303      	str	r3, [sp, #12]
  be:	9304      	str	r3, [sp, #16]
  c0:	e7d6      	b.n	70 <Local_FindNearest+0x70>
  c2:	2001      	movs	r0, #1
  c4:	600a      	str	r2, [r1, #0]
  c6:	b008      	add	sp, #32
  c8:	e8bd 87f0 	ldmia.w	sp!, {r4, r5, r6, r7, r8, r9, sl, pc}
	...

Disassembly of section .text.Local_GetCellXY:

00000000 <Local_GetCellXY>:
   0:	b410      	push	{r4}
   2:	4c07      	ldr	r4, [pc, #28]	; (20 <Local_GetCellXY+0x20>)
   4:	8863      	ldrh	r3, [r4, #2]
   6:	fb90 f3f3 	sdiv	r3, r0, r3
   a:	8013      	strh	r3, [r2, #0]
   c:	8862      	ldrh	r2, [r4, #2]
   e:	fb90 f3f2 	sdiv	r3, r0, r2
  12:	fb02 0013 	mls	r0, r2, r3, r0
  16:	8008      	strh	r0, [r1, #0]
  18:	f85d 4b04 	ldr.w	r4, [sp], #4
  1c:	4770      	bx	lr
  1e:	bf00      	nop
  20:	00000000 	.word	0x00000000

Disassembly of section .text.OPATH_StartScanningRoutine:

00000000 <OPATH_StartScanningRoutine>:
   0:	e92d 4ff0 	stmdb	sp!, {r4, r5, r6, r7, r8, r9, sl, fp, lr}
   4:	f8df a29c 	ldr.w	sl, [pc, #668]	; 2a4 <OPATH_StartScanningRoutine+0x2a4>
   8:	4650      	mov	r0, sl
   a:	2310      	movs	r3, #16
   c:	f820 3b08 	strh.w	r3, [r0], #8
  10:	4ba0      	ldr	r3, [pc, #640]	; (294 <OPATH_StartScanningRoutine+0x294>)
  12:	2600      	movs	r6, #0
  14:	601e      	str	r6, [r3, #0]
  16:	4ba0      	ldr	r3, [pc, #640]	; (298 <OPATH_StartScanningRoutine+0x298>)
  18:	b089      	sub	sp, #36	; 0x24
  1a:	f10a 010c 	add.w	r1, sl, #12
  1e:	601e      	str	r6, [r3, #0]
  20:	f7ff fffe 	bl	0 <EXTERNAL_GetImageSize>
  24:	f8ba 2000 	ldrh.w	r2, [sl]
  28:	f8da 400c 	ldr.w	r4, [sl, #12]
  2c:	f8da 0008 	ldr.w	r0, [sl, #8]
  30:	fb94 f3f2 	sdiv	r3, r4, r2
  34:	fb90 f1f2 	sdiv	r1, r0, r2
  38:	fb02 0011 	mls	r0, r2, r1, r0
  3c:	fb02 4213 	mls	r2, r2, r3, r4
  40:	42b0      	cmp	r0, r6
  42:	bf18      	it	ne
  44:	3101      	addne	r1, #1
  46:	42b2      	cmp	r2, r6
  48:	bf18      	it	ne
  4a:	3301      	addne	r3, #1
  4c:	b28c      	uxth	r4, r1
  4e:	b29d      	uxth	r5, r3
  50:	fb15 f304 	smulbb	r3, r5, r4
  54:	fa1f f883 	uxth.w	r8, r3
  58:	4631      	mov	r1, r6
  5a:	4890      	ldr	r0, [pc, #576]	; (29c <OPATH_StartScanningRoutine+0x29c>)
  5c:	f8aa 4002 	strh.w	r4, [sl, #2]
  60:	f44f 5280 	mov.w	r2, #4096	; 0x1000
  64:	f8aa 5004 	strh.w	r5, [sl, #4]
  68:	f8aa 8006 	strh.w	r8, [sl, #6]
  6c:	f7ff fffe 	bl	0 <memset>
  70:	2d00      	cmp	r5, #0
  72:	d057      	beq.n	124 <OPATH_StartScanningRoutine+0x124>
  74:	4d8a      	ldr	r5, [pc, #552]	; (2a0 <OPATH_StartScanningRoutine+0x2a0>)
  76:	4f89      	ldr	r7, [pc, #548]	; (29c <OPATH_StartScanningRoutine+0x29c>)
  78:	46d0      	mov	r8, sl
  7a:	b354      	cbz	r4, d2 <OPATH_StartScanningRoutine+0xd2>
  7c:	2400      	movs	r4, #0
  7e:	f8ba 2000 	ldrh.w	r2, [sl]
  82:	f04f 0900 	mov.w	r9, #0
  86:	2a00      	cmp	r2, #0
  88:	d047      	beq.n	11a <OPATH_StartScanningRoutine+0x11a>
  8a:	fb04 f002 	mul.w	r0, r4, r2
  8e:	fb06 9102 	mla	r1, r6, r2, r9
  92:	4b83      	ldr	r3, [pc, #524]	; (210 <EXTERNAL_GetPixels+0x210>)
  94:	f7ff fffe 	bl	0 <EXTERNAL_GetPixels>
  98:	f8ba 2000 	ldrh.w	r2, [sl]
  9c:	b19a      	cbz	r2, c6 <OPATH_StartScanningRoutine+0xc6>
  9e:	782b      	ldrb	r3, [r5, #0]
  a0:	2b18      	cmp	r3, #24
  a2:	d820      	bhi.n	e6 <OPATH_StartScanningRoutine+0xe6>
  a4:	1e50      	subs	r0, r2, #1
  a6:	fa15 f080 	uxtah	r0, r5, r0
  aa:	4b7d      	ldr	r3, [pc, #500]	; (2a0 <OPATH_StartScanningRoutine+0x2a0>)
  ac:	e003      	b.n	b6 <OPATH_StartScanningRoutine+0xb6>
  ae:	f813 1f01 	ldrb.w	r1, [r3, #1]!
  b2:	2918      	cmp	r1, #24
  b4:	d817      	bhi.n	e6 <OPATH_StartScanningRoutine+0xe6>
  b6:	4283      	cmp	r3, r0
  b8:	d1f9      	bne.n	ae <OPATH_StartScanningRoutine+0xae>
  ba:	f109 0901 	add.w	r9, r9, #1
  be:	fa1f f989 	uxth.w	r9, r9
  c2:	454a      	cmp	r2, r9
  c4:	d8e1      	bhi.n	8a <OPATH_StartScanningRoutine+0x8a>
  c6:	f8ba 0002 	ldrh.w	r0, [sl, #2]
  ca:	3401      	adds	r4, #1
  cc:	b2a4      	uxth	r4, r4
  ce:	4284      	cmp	r4, r0
  d0:	d3d5      	bcc.n	7e <OPATH_StartScanningRoutine+0x7e>
  d2:	3601      	adds	r6, #1
  d4:	f8ba 2004 	ldrh.w	r2, [sl, #4]
  d8:	4b72      	ldr	r3, [pc, #456]	; (2a4 <OPATH_StartScanningRoutine+0x2a4>)
  da:	b2b6      	uxth	r6, r6
  dc:	42b2      	cmp	r2, r6
  de:	d91f      	bls.n	120 <OPATH_StartScanningRoutine+0x120>
  e0:	f8b8 4002 	ldrh.w	r4, [r8, #2]
  e4:	e7c9      	b.n	7a <OPATH_StartScanningRoutine+0x7a>
  e6:	f8ba 0002 	ldrh.w	r0, [sl, #2]
  ea:	fb16 4300 	smlabb	r3, r6, r0, r4
  ee:	b29b      	uxth	r3, r3
  f0:	08d9      	lsrs	r1, r3, #3
  f2:	2280      	movs	r2, #128	; 0x80
  f4:	f817 e001 	ldrb.w	lr, [r7, r1]
  f8:	f003 0307 	and.w	r3, r3, #7
  fc:	fa42 f303 	asr.w	r3, r2, r3
 100:	ea4e 0303 	orr.w	r3, lr, r3
 104:	547b      	strb	r3, [r7, r1]
 106:	3401      	adds	r4, #1
 108:	b2a4      	uxth	r4, r4
 10a:	4284      	cmp	r4, r0
 10c:	d2e1      	bcs.n	d2 <OPATH_StartScanningRoutine+0xd2>
 10e:	f8ba 2000 	ldrh.w	r2, [sl]
 112:	f04f 0900 	mov.w	r9, #0
 116:	2a00      	cmp	r2, #0
 118:	d1b7      	bne.n	8a <OPATH_StartScanningRoutine+0x8a>
 11a:	f8b8 0002 	ldrh.w	r0, [r8, #2]
 11e:	e7f2      	b.n	106 <OPATH_StartScanningRoutine+0x106>
 120:	f8b3 8006 	ldrh.w	r8, [r3, #6]
 124:	4b5b      	ldr	r3, [pc, #364]	; (294 <OPATH_StartScanningRoutine+0x294>)
 126:	681b      	ldr	r3, [r3, #0]
 128:	9302      	str	r3, [sp, #8]
 12a:	461a      	mov	r2, r3
 12c:	4b5e      	ldr	r3, [pc, #376]	; (2a8 <OPATH_StartScanningRoutine+0x2a8>)
 12e:	eb03 1302 	add.w	r3, r3, r2, lsl #4
 132:	3306      	adds	r3, #6
 134:	f04f 0b80 	mov.w	fp, #128	; 0x80
 138:	4699      	mov	r9, r3
 13a:	f1b8 0f00 	cmp.w	r8, #0
 13e:	d014      	beq.n	16a <OPATH_StartScanningRoutine+0x16a>
 140:	4e56      	ldr	r6, [pc, #344]	; (29c <OPATH_StartScanningRoutine+0x29c>)
 142:	f996 3000 	ldrsb.w	r3, [r6]
 146:	2b00      	cmp	r3, #0
 148:	f2c0 811e 	blt.w	388 <OPATH_StartScanningRoutine+0x388>
 14c:	2300      	movs	r3, #0
 14e:	e002      	b.n	156 <OPATH_StartScanningRoutine+0x156>
 150:	5c71      	ldrb	r1, [r6, r1]
 152:	4211      	tst	r1, r2
 154:	d113      	bne.n	17e <OPATH_StartScanningRoutine+0x17e>
 156:	3301      	adds	r3, #1
 158:	b29b      	uxth	r3, r3
 15a:	f003 0207 	and.w	r2, r3, #7
 15e:	4543      	cmp	r3, r8
 160:	ea4f 01d3 	mov.w	r1, r3, lsr #3
 164:	fa4b f202 	asr.w	r2, fp, r2
 168:	d1f2      	bne.n	150 <OPATH_StartScanningRoutine+0x150>
 16a:	9a02      	ldr	r2, [sp, #8]
 16c:	484e      	ldr	r0, [pc, #312]	; (2a8 <OPATH_StartScanningRoutine+0x2a8>)
 16e:	494f      	ldr	r1, [pc, #316]	; (2ac <OPATH_StartScanningRoutine+0x2ac>)
 170:	4b4a      	ldr	r3, [pc, #296]	; (29c <OPATH_StartScanningRoutine+0x29c>)
 172:	f7ff fffe 	bl	0 <OPATH_Internal_Sort>
 176:	2000      	movs	r0, #0
 178:	b009      	add	sp, #36	; 0x24
 17a:	e8bd 8ff0 	ldmia.w	sp!, {r4, r5, r6, r7, r8, r9, sl, fp, pc}
 17e:	461c      	mov	r4, r3
 180:	484b      	ldr	r0, [pc, #300]	; (2b0 <OPATH_StartScanningRoutine+0x2b0>)
 182:	2100      	movs	r1, #0
 184:	f44f 5280 	mov.w	r2, #4096	; 0x1000
 188:	4605      	mov	r5, r0
 18a:	f7ff fffe 	bl	0 <memset>
 18e:	4620      	mov	r0, r4
 190:	b282      	uxth	r2, r0
 192:	08d3      	lsrs	r3, r2, #3
 194:	f002 0207 	and.w	r2, r2, #7
 198:	5ce9      	ldrb	r1, [r5, r3]
 19a:	5cf7      	ldrb	r7, [r6, r3]
 19c:	fa4b f202 	asr.w	r2, fp, r2
 1a0:	ea27 0402 	bic.w	r4, r7, r2
 1a4:	430a      	orrs	r2, r1
 1a6:	54f4      	strb	r4, [r6, r3]
 1a8:	a907      	add	r1, sp, #28
 1aa:	54ea      	strb	r2, [r5, r3]
 1ac:	f7ff fffe 	bl	0 <OPATH_StartScanningRoutine>
 1b0:	b108      	cbz	r0, 1b6 <OPATH_StartScanningRoutine+0x1b6>
 1b2:	9807      	ldr	r0, [sp, #28]
 1b4:	e7ec      	b.n	190 <OPATH_StartScanningRoutine+0x190>
 1b6:	f8ba 3006 	ldrh.w	r3, [sl, #6]
 1ba:	b1e3      	cbz	r3, 1f6 <OPATH_StartScanningRoutine+0x1f6>
 1bc:	4604      	mov	r4, r0
 1be:	e005      	b.n	1cc <OPATH_StartScanningRoutine+0x1cc>
 1c0:	3401      	adds	r4, #1
 1c2:	f8ba 3006 	ldrh.w	r3, [sl, #6]
 1c6:	b2a4      	uxth	r4, r4
 1c8:	42a3      	cmp	r3, r4
 1ca:	d914      	bls.n	1f6 <OPATH_StartScanningRoutine+0x1f6>
 1cc:	f3c4 02cf 	ubfx	r2, r4, #3, #16
 1d0:	f004 0307 	and.w	r3, r4, #7
 1d4:	5caa      	ldrb	r2, [r5, r2]
 1d6:	fa4b f303 	asr.w	r3, fp, r3
 1da:	421a      	tst	r2, r3
 1dc:	d0f0      	beq.n	1c0 <OPATH_StartScanningRoutine+0x1c0>
 1de:	4620      	mov	r0, r4
 1e0:	a907      	add	r1, sp, #28
 1e2:	f7ff fffe 	bl	0 <OPATH_StartScanningRoutine>
 1e6:	2800      	cmp	r0, #0
 1e8:	d1e3      	bne.n	1b2 <OPATH_StartScanningRoutine+0x1b2>
 1ea:	3401      	adds	r4, #1
 1ec:	f8ba 3006 	ldrh.w	r3, [sl, #6]
 1f0:	b2a4      	uxth	r4, r4
 1f2:	42a3      	cmp	r3, r4
 1f4:	d8ea      	bhi.n	1cc <OPATH_StartScanningRoutine+0x1cc>
 1f6:	4b28      	ldr	r3, [pc, #160]	; (298 <OPATH_StartScanningRoutine+0x298>)
 1f8:	f8ba 8006 	ldrh.w	r8, [sl, #6]
 1fc:	681b      	ldr	r3, [r3, #0]
 1fe:	9304      	str	r3, [sp, #16]
 200:	461a      	mov	r2, r3
 202:	4b2a      	ldr	r3, [pc, #168]	; (2ac <OPATH_StartScanningRoutine+0x2ac>)
 204:	f8a9 2000 	strh.w	r2, [r9]
 208:	eb03 0382 	add.w	r3, r3, r2, lsl #2
 20c:	2200      	movs	r2, #0
 20e:	3304      	adds	r3, #4
 210:	f829 2c06 	strh.w	r2, [r9, #-6]
 214:	9200      	str	r2, [sp, #0]
 216:	f8ba 2002 	ldrh.w	r2, [sl, #2]
 21a:	9205      	str	r2, [sp, #20]
 21c:	469c      	mov	ip, r3
 21e:	f1b8 0f00 	cmp.w	r8, #0
 222:	d013      	beq.n	24c <OPATH_StartScanningRoutine+0x24c>
 224:	f995 3000 	ldrsb.w	r3, [r5]
 228:	2b00      	cmp	r3, #0
 22a:	f2c0 80aa 	blt.w	382 <OPATH_StartScanningRoutine+0x382>
 22e:	2300      	movs	r3, #0
 230:	e002      	b.n	238 <OPATH_StartScanningRoutine+0x238>
 232:	5c69      	ldrb	r1, [r5, r1]
 234:	4211      	tst	r1, r2
 236:	d119      	bne.n	26c <OPATH_StartScanningRoutine+0x26c>
 238:	3301      	adds	r3, #1
 23a:	b29b      	uxth	r3, r3
 23c:	f003 0207 	and.w	r2, r3, #7
 240:	4543      	cmp	r3, r8
 242:	ea4f 01d3 	mov.w	r1, r3, lsr #3
 246:	fa4b f202 	asr.w	r2, fp, r2
 24a:	d1f2      	bne.n	232 <OPATH_StartScanningRoutine+0x232>
 24c:	9a00      	ldr	r2, [sp, #0]
 24e:	9b04      	ldr	r3, [sp, #16]
 250:	4911      	ldr	r1, [pc, #68]	; (298 <OPATH_StartScanningRoutine+0x298>)
 252:	4413      	add	r3, r2
 254:	9a02      	ldr	r2, [sp, #8]
 256:	600b      	str	r3, [r1, #0]
 258:	3201      	adds	r2, #1
 25a:	4b0e      	ldr	r3, [pc, #56]	; (294 <OPATH_StartScanningRoutine+0x294>)
 25c:	9202      	str	r2, [sp, #8]
 25e:	2a20      	cmp	r2, #32
 260:	601a      	str	r2, [r3, #0]
 262:	f109 0910 	add.w	r9, r9, #16
 266:	f47f af68 	bne.w	13a <OPATH_StartScanningRoutine+0x13a>
 26a:	e77e      	b.n	16a <OPATH_StartScanningRoutine+0x16a>
 26c:	4619      	mov	r1, r3
 26e:	9805      	ldr	r0, [sp, #20]
 270:	fb91 f2f0 	sdiv	r2, r1, r0
 274:	fb00 1e12 	mls	lr, r0, r2, r1
 278:	fa1f fe8e 	uxth.w	lr, lr
 27c:	ebce 0700 	rsb	r7, lr, r0
 280:	440f      	add	r7, r1
 282:	9201      	str	r2, [sp, #4]
 284:	1e7a      	subs	r2, r7, #1
 286:	428a      	cmp	r2, r1
 288:	9203      	str	r2, [sp, #12]
 28a:	bfa8      	it	ge
 28c:	2204      	movge	r2, #4
 28e:	da15      	bge.n	2bc <OPATH_StartScanningRoutine+0x2bc>
 290:	e025      	b.n	2de <OPATH_StartScanningRoutine+0x2de>
 292:	bf00      	nop
	...
 2b4:	2a00      	cmp	r2, #0
 2b6:	d05e      	beq.n	376 <OPATH_StartScanningRoutine+0x376>
 2b8:	42b9      	cmp	r1, r7
 2ba:	d010      	beq.n	2de <OPATH_StartScanningRoutine+0x2de>
 2bc:	b288      	uxth	r0, r1
 2be:	08c6      	lsrs	r6, r0, #3
 2c0:	f000 0407 	and.w	r4, r0, #7
 2c4:	5dae      	ldrb	r6, [r5, r6]
 2c6:	fa4b f404 	asr.w	r4, fp, r4
 2ca:	3a01      	subs	r2, #1
 2cc:	4226      	tst	r6, r4
 2ce:	f101 0101 	add.w	r1, r1, #1
 2d2:	b292      	uxth	r2, r2
 2d4:	d0ee      	beq.n	2b4 <OPATH_StartScanningRoutine+0x2b4>
 2d6:	42b9      	cmp	r1, r7
 2d8:	f04f 0204 	mov.w	r2, #4
 2dc:	d1ee      	bne.n	2bc <OPATH_StartScanningRoutine+0x2bc>
 2de:	9a03      	ldr	r2, [sp, #12]
 2e0:	f1c3 0001 	rsb	r0, r3, #1
 2e4:	4410      	add	r0, r2
 2e6:	b280      	uxth	r0, r0
 2e8:	9900      	ldr	r1, [sp, #0]
 2ea:	f8bd 2004 	ldrh.w	r2, [sp, #4]
 2ee:	bb41      	cbnz	r1, 342 <OPATH_StartScanningRoutine+0x342>
 2f0:	eb00 010e 	add.w	r1, r0, lr
 2f4:	f8a9 e002 	strh.w	lr, [r9, #2]
 2f8:	f8a9 1006 	strh.w	r1, [r9, #6]
 2fc:	f8a9 2004 	strh.w	r2, [r9, #4]
 300:	f8a9 2008 	strh.w	r2, [r9, #8]
 304:	f839 2c06 	ldrh.w	r2, [r9, #-6]
 308:	f82c 3c04 	strh.w	r3, [ip, #-4]
 30c:	3201      	adds	r2, #1
 30e:	b292      	uxth	r2, r2
 310:	9200      	str	r2, [sp, #0]
 312:	f82c 0c02 	strh.w	r0, [ip, #-2]
 316:	f829 2c06 	strh.w	r2, [r9, #-6]
 31a:	b178      	cbz	r0, 33c <OPATH_StartScanningRoutine+0x33c>
 31c:	2100      	movs	r1, #0
 31e:	18ca      	adds	r2, r1, r3
 320:	b292      	uxth	r2, r2
 322:	08d6      	lsrs	r6, r2, #3
 324:	3101      	adds	r1, #1
 326:	5dac      	ldrb	r4, [r5, r6]
 328:	f002 0207 	and.w	r2, r2, #7
 32c:	fa4b f202 	asr.w	r2, fp, r2
 330:	b289      	uxth	r1, r1
 332:	ea24 0202 	bic.w	r2, r4, r2
 336:	4288      	cmp	r0, r1
 338:	55aa      	strb	r2, [r5, r6]
 33a:	dcf0      	bgt.n	31e <OPATH_StartScanningRoutine+0x31e>
 33c:	f10c 0c04 	add.w	ip, ip, #4
 340:	e76d      	b.n	21e <OPATH_StartScanningRoutine+0x21e>
 342:	f8b9 1002 	ldrh.w	r1, [r9, #2]
 346:	4571      	cmp	r1, lr
 348:	f8b9 1004 	ldrh.w	r1, [r9, #4]
 34c:	bf88      	it	hi
 34e:	f8a9 e002 	strhhi.w	lr, [r9, #2]
 352:	4291      	cmp	r1, r2
 354:	f8b9 1006 	ldrh.w	r1, [r9, #6]
 358:	bf88      	it	hi
 35a:	f8a9 2004 	strhhi.w	r2, [r9, #4]
 35e:	4486      	add	lr, r0
 360:	458e      	cmp	lr, r1
 362:	f8b9 1008 	ldrh.w	r1, [r9, #8]
 366:	bfc8      	it	gt
 368:	f8a9 e006 	strhgt.w	lr, [r9, #6]
 36c:	4291      	cmp	r1, r2
 36e:	bf38      	it	cc
 370:	f8a9 2008 	strhcc.w	r2, [r9, #8]
 374:	e7c6      	b.n	304 <OPATH_StartScanningRoutine+0x304>
 376:	f5c3 427f 	rsb	r2, r3, #65280	; 0xff00
 37a:	32fd      	adds	r2, #253	; 0xfd
 37c:	4410      	add	r0, r2
 37e:	b280      	uxth	r0, r0
 380:	e7b2      	b.n	2e8 <OPATH_StartScanningRoutine+0x2e8>
 382:	2100      	movs	r1, #0
 384:	460b      	mov	r3, r1
 386:	e772      	b.n	26e <OPATH_StartScanningRoutine+0x26e>
 388:	2400      	movs	r4, #0
 38a:	e6f9      	b.n	180 <OPATH_StartScanningRoutine+0x180>

Disassembly of section .text.OPATH_GetObjectsCount:

00000000 <OPATH_GetObjectsCount>:
   0:	4b01      	ldr	r3, [pc, #4]	; (8 <OPATH_GetObjectsCount+0x8>)
   2:	6818      	ldr	r0, [r3, #0]
   4:	4770      	bx	lr
   6:	bf00      	nop
   8:	00000000 	.word	0x00000000

Disassembly of section .text.OPATH_GetObjectRegions:

00000000 <OPATH_GetObjectRegions>:
   0:	4b01      	ldr	r3, [pc, #4]	; (8 <OPATH_GetObjectRegions+0x8>)
   2:	0100      	lsls	r0, r0, #4
   4:	5a18      	ldrh	r0, [r3, r0]
   6:	4770      	bx	lr
   8:	00000000 	.word	0x00000000

Disassembly of section .text.OPATH_GetObjectPosition:

00000000 <OPATH_GetObjectPosition>:
   0:	b5f0      	push	{r4, r5, r6, r7, lr}
   2:	4e0e      	ldr	r6, [pc, #56]	; (3c <OPATH_GetObjectPosition+0x3c>)
   4:	4c0e      	ldr	r4, [pc, #56]	; (40 <OPATH_GetObjectPosition+0x40>)
   6:	9d05      	ldr	r5, [sp, #20]
   8:	8824      	ldrh	r4, [r4, #0]
   a:	eb06 1000 	add.w	r0, r6, r0, lsl #4
   e:	f100 0e08 	add.w	lr, r0, #8
  12:	8907      	ldrh	r7, [r0, #8]
  14:	8986      	ldrh	r6, [r0, #12]
  16:	89c0      	ldrh	r0, [r0, #14]
  18:	f8be e002 	ldrh.w	lr, [lr, #2]
  1c:	fb06 4604 	mla	r6, r6, r4, r4
  20:	fb00 4004 	mla	r0, r0, r4, r4
  24:	fb04 f707 	mul.w	r7, r4, r7
  28:	3e01      	subs	r6, #1
  2a:	fb04 f40e 	mul.w	r4, r4, lr
  2e:	3801      	subs	r0, #1
  30:	600f      	str	r7, [r1, #0]
  32:	6014      	str	r4, [r2, #0]
  34:	601e      	str	r6, [r3, #0]
  36:	6028      	str	r0, [r5, #0]
  38:	bdf0      	pop	{r4, r5, r6, r7, pc}
  3a:	bf00      	nop
	...

Disassembly of section .text.OPATH_GetRectsTotal:

00000000 <OPATH_GetRectsTotal>:
   0:	4b01      	ldr	r3, [pc, #4]	; (8 <OPATH_GetRectsTotal+0x8>)
   2:	6818      	ldr	r0, [r3, #0]
   4:	4770      	bx	lr
   6:	bf00      	nop
   8:	00000000 	.word	0x00000000

Disassembly of section .text.OPATH_GetRegionRect:

00000000 <OPATH_GetRegionRect>:
   0:	f8df c054 	ldr.w	ip, [pc, #84]	; 58 <OPATH_GetRegionRect+0x58>
   4:	eb0c 1000 	add.w	r0, ip, r0, lsl #4
   8:	b5f0      	push	{r4, r5, r6, r7, lr}
   a:	88c0      	ldrh	r0, [r0, #6]
   c:	4d10      	ldr	r5, [pc, #64]	; (50 <OPATH_GetRegionRect+0x50>)
   e:	4e11      	ldr	r6, [pc, #68]	; (54 <OPATH_GetRegionRect+0x54>)
  10:	886c      	ldrh	r4, [r5, #2]
  12:	882f      	ldrh	r7, [r5, #0]
  14:	9d06      	ldr	r5, [sp, #24]
  16:	4401      	add	r1, r0
  18:	eb06 0e81 	add.w	lr, r6, r1, lsl #2
  1c:	f836 c021 	ldrh.w	ip, [r6, r1, lsl #2]
  20:	fb9c f0f4 	sdiv	r0, ip, r4
  24:	fb04 c410 	mls	r4, r4, r0, ip
  28:	b2a4      	uxth	r4, r4
  2a:	fb07 f404 	mul.w	r4, r7, r4
  2e:	fb00 f007 	mul.w	r0, r0, r7
  32:	6014      	str	r4, [r2, #0]
  34:	6018      	str	r0, [r3, #0]
  36:	f8be 1002 	ldrh.w	r1, [lr, #2]
  3a:	6812      	ldr	r2, [r2, #0]
  3c:	fb01 2207 	mla	r2, r1, r7, r2
  40:	9905      	ldr	r1, [sp, #20]
  42:	3a01      	subs	r2, #1
  44:	600a      	str	r2, [r1, #0]
  46:	681b      	ldr	r3, [r3, #0]
  48:	443b      	add	r3, r7
  4a:	3b01      	subs	r3, #1
  4c:	602b      	str	r3, [r5, #0]
  4e:	bdf0      	pop	{r4, r5, r6, r7, pc}
	...

Disassembly of section .text.OPATH_GetRegionCell:

00000000 <OPATH_GetRegionCell>:
   0:	4b04      	ldr	r3, [pc, #16]	; (14 <OPATH_GetRegionCell+0x14>)
   2:	4a05      	ldr	r2, [pc, #20]	; (18 <OPATH_GetRegionCell+0x18>)
   4:	eb03 1000 	add.w	r0, r3, r0, lsl #4
   8:	88c0      	ldrh	r0, [r0, #6]
   a:	4408      	add	r0, r1
   c:	eb02 0080 	add.w	r0, r2, r0, lsl #2
  10:	4770      	bx	lr
  12:	bf00      	nop
	...
