
liboptimals.o:     file format elf32-littlearm

SYMBOL TABLE:
00000000 l    df *ABS*	00000000 liboptimals.c
00000000 l    d  .text	00000000 .text
00000000 l    d  .data	00000000 .data
00000000 l    d  .bss	00000000 .bss
00000000 l    d  .text.OPATH_Internal_Sort	00000000 .text.OPATH_Internal_Sort
00000000 l    d  .comment	00000000 .comment
00000000 l    d  .ARM.attributes	00000000 .ARM.attributes
00000000 g     F .text.OPATH_Internal_Sort	000001f8 OPATH_Internal_Sort
00000000         *UND*	00000000 Local_GetCellXY
00000000         *UND*	00000000 memcpy
00000000         *UND*	00000000 memset



Disassembly of section .text.OPATH_Internal_Sort:

00000000 <OPATH_Internal_Sort>:
   0:	2a00      	cmp	r2, #0
   2:	f340 80d5 	ble.w	1b0 <OPATH_Internal_Sort+0x1b0>
   6:	e92d 4ff0 	stmdb	sp!, {r4, r5, r6, r7, r8, r9, sl, fp, lr}
   a:	b089      	sub	sp, #36	; 0x24
   c:	4681      	mov	r9, r0
   e:	9304      	str	r3, [sp, #16]
  10:	2300      	movs	r3, #0
  12:	9203      	str	r2, [sp, #12]
  14:	9100      	str	r1, [sp, #0]
  16:	9302      	str	r3, [sp, #8]
  18:	f8b9 a006 	ldrh.w	sl, [r9, #6]
  1c:	9b00      	ldr	r3, [sp, #0]
  1e:	9f04      	ldr	r7, [sp, #16]
  20:	f8cd 9004 	str.w	r9, [sp, #4]
  24:	eb03 038a 	add.w	r3, r3, sl, lsl #2
  28:	2600      	movs	r6, #0
  2a:	9305      	str	r3, [sp, #20]
  2c:	46b0      	mov	r8, r6
  2e:	469b      	mov	fp, r3
  30:	46b9      	mov	r9, r7
  32:	46b2      	mov	sl, r6
  34:	eb0b 028a 	add.w	r2, fp, sl, lsl #2
  38:	4613      	mov	r3, r2
  3a:	f853 1b01 	ldr.w	r1, [r3], #1
  3e:	f8c9 1000 	str.w	r1, [r9]
  42:	3301      	adds	r3, #1
  44:	f80b 802a 	strb.w	r8, [fp, sl, lsl #2]
  48:	f882 8001 	strb.w	r8, [r2, #1]
  4c:	f803 8b01 	strb.w	r8, [r3], #1
  50:	f883 8000 	strb.w	r8, [r3]
  54:	9b01      	ldr	r3, [sp, #4]
  56:	881e      	ldrh	r6, [r3, #0]
  58:	4632      	mov	r2, r6
  5a:	2e00      	cmp	r6, #0
  5c:	f000 80a5 	beq.w	1aa <OPATH_Internal_Sort+0x1aa>
  60:	f04f 3aff 	mov.w	sl, #4294967295	; 0xffffffff
  64:	4657      	mov	r7, sl
  66:	f10b 0402 	add.w	r4, fp, #2
  6a:	2500      	movs	r5, #0
  6c:	e004      	b.n	78 <OPATH_Internal_Sort+0x78>
  6e:	3501      	adds	r5, #1
  70:	42ae      	cmp	r6, r5
  72:	f104 0404 	add.w	r4, r4, #4
  76:	d029      	beq.n	cc <OPATH_Internal_Sort+0xcc>
  78:	8823      	ldrh	r3, [r4, #0]
  7a:	2b00      	cmp	r3, #0
  7c:	d0f7      	beq.n	6e <OPATH_Internal_Sort+0x6e>
  7e:	f8b9 0000 	ldrh.w	r0, [r9]
  82:	a906      	add	r1, sp, #24
  84:	f10d 021a 	add.w	r2, sp, #26
  88:	f7ff fffe 	bl	0 <Local_GetCellXY>
  8c:	f834 0c02 	ldrh.w	r0, [r4, #-2]
  90:	a907      	add	r1, sp, #28
  92:	f10d 021e 	add.w	r2, sp, #30
  96:	f7ff fffe 	bl	0 <Local_GetCellXY>
  9a:	f8bd 101a 	ldrh.w	r1, [sp, #26]
  9e:	f8bd 301e 	ldrh.w	r3, [sp, #30]
  a2:	f8bd 2018 	ldrh.w	r2, [sp, #24]
  a6:	f8bd 001c 	ldrh.w	r0, [sp, #28]
  aa:	1acb      	subs	r3, r1, r3
  ac:	fb03 f103 	mul.w	r1, r3, r3
  b0:	1a13      	subs	r3, r2, r0
  b2:	1c7a      	adds	r2, r7, #1
  b4:	fb03 1303 	mla	r3, r3, r3, r1
  b8:	d001      	beq.n	be <OPATH_Internal_Sort+0xbe>
  ba:	42bb      	cmp	r3, r7
  bc:	dad7      	bge.n	6e <OPATH_Internal_Sort+0x6e>
  be:	46aa      	mov	sl, r5
  c0:	3501      	adds	r5, #1
  c2:	42ae      	cmp	r6, r5
  c4:	461f      	mov	r7, r3
  c6:	f104 0404 	add.w	r4, r4, #4
  ca:	d1d5      	bne.n	78 <OPATH_Internal_Sort+0x78>
  cc:	f1ba 3fff 	cmp.w	sl, #4294967295	; 0xffffffff
  d0:	f109 0904 	add.w	r9, r9, #4
  d4:	d1ae      	bne.n	34 <OPATH_Internal_Sort+0x34>
  d6:	f8dd 9004 	ldr.w	r9, [sp, #4]
  da:	f8b9 2000 	ldrh.w	r2, [r9]
  de:	9d04      	ldr	r5, [sp, #16]
  e0:	9805      	ldr	r0, [sp, #20]
  e2:	0094      	lsls	r4, r2, #2
  e4:	4622      	mov	r2, r4
  e6:	4629      	mov	r1, r5
  e8:	f7ff fffe 	bl	0 <memcpy>
  ec:	4628      	mov	r0, r5
  ee:	4622      	mov	r2, r4
  f0:	2100      	movs	r1, #0
  f2:	f7ff fffe 	bl	0 <memset>
  f6:	f8b9 4006 	ldrh.w	r4, [r9, #6]
  fa:	f04f 0a00 	mov.w	sl, #0
  fe:	4625      	mov	r5, r4
 100:	9b00      	ldr	r3, [sp, #0]
 102:	f8b9 6000 	ldrh.w	r6, [r9]
 106:	eb03 0585 	add.w	r5, r3, r5, lsl #2
 10a:	eb05 048a 	add.w	r4, r5, sl, lsl #2
 10e:	f106 38ff 	add.w	r8, r6, #4294967295	; 0xffffffff
 112:	f835 002a 	ldrh.w	r0, [r5, sl, lsl #2]
 116:	a906      	add	r1, sp, #24
 118:	f10d 021a 	add.w	r2, sp, #26
 11c:	f7ff fffe 	bl	0 <Local_GetCellXY>
 120:	88a0      	ldrh	r0, [r4, #4]
 122:	f10d 021e 	add.w	r2, sp, #30
 126:	a907      	add	r1, sp, #28
 128:	f7ff fffe 	bl	0 <Local_GetCellXY>
 12c:	f8bd 201a 	ldrh.w	r2, [sp, #26]
 130:	f8bd 301e 	ldrh.w	r3, [sp, #30]
 134:	429a      	cmp	r2, r3
 136:	4657      	mov	r7, sl
 138:	f104 0404 	add.w	r4, r4, #4
 13c:	d80f      	bhi.n	15e <OPATH_Internal_Sort+0x15e>
 13e:	f10a 0a01 	add.w	sl, sl, #1
 142:	45c2      	cmp	sl, r8
 144:	dbe5      	blt.n	112 <OPATH_Internal_Sort+0x112>
 146:	9b02      	ldr	r3, [sp, #8]
 148:	9a03      	ldr	r2, [sp, #12]
 14a:	3301      	adds	r3, #1
 14c:	4293      	cmp	r3, r2
 14e:	9302      	str	r3, [sp, #8]
 150:	f109 0910 	add.w	r9, r9, #16
 154:	f47f af60 	bne.w	18 <OPATH_Internal_Sort+0x18>
 158:	b009      	add	sp, #36	; 0x24
 15a:	e8bd 8ff0 	ldmia.w	sp!, {r4, r5, r6, r7, r8, r9, sl, fp, pc}
 15e:	3e01      	subs	r6, #1
 160:	46d0      	mov	r8, sl
 162:	eb05 0b8a 	add.w	fp, r5, sl, lsl #2
 166:	2401      	movs	r4, #1
 168:	f835 002a 	ldrh.w	r0, [r5, sl, lsl #2]
 16c:	a906      	add	r1, sp, #24
 16e:	f10d 021a 	add.w	r2, sp, #26
 172:	f7ff fffe 	bl	0 <Local_GetCellXY>
 176:	f10d 021e 	add.w	r2, sp, #30
 17a:	f83b 0024 	ldrh.w	r0, [fp, r4, lsl #2]
 17e:	a907      	add	r1, sp, #28
 180:	f7ff fffe 	bl	0 <Local_GetCellXY>
 184:	f8bd 201a 	ldrh.w	r2, [sp, #26]
 188:	f8bd 301e 	ldrh.w	r3, [sp, #30]
 18c:	429a      	cmp	r2, r3
 18e:	f10a 0a01 	add.w	sl, sl, #1
 192:	d303      	bcc.n	19c <OPATH_Internal_Sort+0x19c>
 194:	45b2      	cmp	sl, r6
 196:	f104 0401 	add.w	r4, r4, #1
 19a:	dbe5      	blt.n	168 <OPATH_Internal_Sort+0x168>
 19c:	2c02      	cmp	r4, #2
 19e:	dc08      	bgt.n	1b2 <OPATH_Internal_Sort+0x1b2>
 1a0:	f8b9 5006 	ldrh.w	r5, [r9, #6]
 1a4:	eb04 0a08 	add.w	sl, r4, r8
 1a8:	e7aa      	b.n	100 <OPATH_Internal_Sort+0x100>
 1aa:	f8dd 9004 	ldr.w	r9, [sp, #4]
 1ae:	e796      	b.n	de <OPATH_Internal_Sort+0xde>
 1b0:	4770      	bx	lr
 1b2:	f8b9 2006 	ldrh.w	r2, [r9, #6]
 1b6:	18bb      	adds	r3, r7, r2
 1b8:	9a00      	ldr	r2, [sp, #0]
 1ba:	ea4f 0e64 	mov.w	lr, r4, asr #1
 1be:	eb02 0283 	add.w	r2, r2, r3, lsl #2
 1c2:	1c91      	adds	r1, r2, #2
 1c4:	eb02 0384 	add.w	r3, r2, r4, lsl #2
 1c8:	eb02 0e8e 	add.w	lr, r2, lr, lsl #2
 1cc:	f833 6c04 	ldrh.w	r6, [r3, #-4]
 1d0:	8850      	ldrh	r0, [r2, #2]
 1d2:	f831 5c02 	ldrh.w	r5, [r1, #-2]
 1d6:	f821 6c02 	strh.w	r6, [r1, #-2]
 1da:	f833 6c02 	ldrh.w	r6, [r3, #-2]
 1de:	8056      	strh	r6, [r2, #2]
 1e0:	3204      	adds	r2, #4
 1e2:	4572      	cmp	r2, lr
 1e4:	f823 5c04 	strh.w	r5, [r3, #-4]
 1e8:	f823 0c02 	strh.w	r0, [r3, #-2]
 1ec:	f101 0104 	add.w	r1, r1, #4
 1f0:	f1a3 0304 	sub.w	r3, r3, #4
 1f4:	d1ea      	bne.n	1cc <OPATH_Internal_Sort+0x1cc>
 1f6:	e7d3      	b.n	1a0 <OPATH_Internal_Sort+0x1a0>
